{"time":"<TIME>","name":"log","level":"info","data":{"message":"3. This is informative"},"context":{"host":"<HOST>","processId":"<PROCESS_ID>","threadId":"<THREAD_ID>","logger":"ROOT"},"id":"<ID>","version":"0"}
{"time":"<TIME>","name":"log","level":"warn","data":{"message":"4. This is a warning"},"context":{"host":"<HOST>","processId":"<PROCESS_ID>","threadId":"<THREAD_ID>","logger":"ROOT"},"id":"<ID>","version":"0"}
{"time":"<TIME>","name":"log","level":"crit","data":{"message":"5. This is an error"},"context":{"host":"<HOST>","processId":"<PROCESS_ID>","threadId":"<THREAD_ID>","logger":"ROOT"},"id":"<ID>","version":"0"}
{"time":"<TIME>","name":"IT","level":"info","data":{"message":"8. This is informative"},"context":{"host":"<HOST>","processId":"<PROCESS_ID>","threadId":"<THREAD_ID>","logger":"ROOT"},"id":"<ID>","version":"0"}
{"time":"<TIME>","name":"IT","level":"warn","data":{"message":"9. This is a warning"},"context":{"host":"<HOST>","processId":"<PROCESS_ID>","threadId":"<THREAD_ID>","logger":"ROOT"},"id":"<ID>","version":"0"}
{"time":"<TIME>","name":"IT","level":"crit","data":{"message":"10. This is an error"},"context":{"host":"<HOST>","processId":"<PROCESS_ID>","threadId":"<THREAD_ID>","logger":"ROOT"},"id":"<ID>","version":"0"}
{"time":"<TIME>","name":"IT","level":"info","data":{"message":"13. This is informative"},"context":{"host":"<HOST>","processId":"<PROCESS_ID>","threadId":"<THREAD_ID>","logger":"ROOT"},"id":"<ID>","version":"0"}
{"time":"<TIME>","name":"IT","level":"warn","data":{"message":"14. This is a warning"},"context":{"host":"<HOST>","processId":"<PROCESS_ID>","threadId":"<THREAD_ID>","logger":"ROOT"},"id":"<ID>","version":"0"}
{"time":"<TIME>","name":"IT","level":"crit","data":{"message":"15. This is an error"},"context":{"host":"<HOST>","processId":"<PROCESS_ID>","threadId":"<THREAD_ID>","logger":"ROOT"},"id":"<ID>","version":"0"}
